
List of user-set options:

                                    Name   Value                used
                        file_print_level = 5                     yes
                   hessian_approximation = limited-memory        yes
                           linear_solver = mumps                 yes
                             output_file = IPOPT.out             yes
                             print_level = 5                     yes
                      print_user_options = yes                   yes
                                      sb = yes                   yes
                                     tol = 1e-10                 yes
This is Ipopt version 3.14.7, running with linear solver MUMPS 5.4.1.

Number of nonzeros in equality constraint Jacobian...:        0
Number of nonzeros in inequality constraint Jacobian.:        2
Number of nonzeros in Lagrangian Hessian.............:        0

Total number of variables............................:        2
                     variables with only lower bounds:        0
                variables with lower and upper bounds:        2
                     variables with only upper bounds:        0
Total number of equality constraints.................:        0
Total number of inequality constraints...............:        1
        inequality constraints with only lower bounds:        0
   inequality constraints with lower and upper bounds:        0
        inequality constraints with only upper bounds:        0

iter    objective    inf_pr   inf_du lg(mu)  ||d||  lg(rg) alpha_du alpha_pr  ls
   0 -5.8829296e-01 0.00e+00 4.38e-04   0.0 0.00e+00    -  0.00e+00 0.00e+00   0
   1 -5.8829316e-01 0.00e+00 4.38e-04  -2.0 4.38e-04    -  9.90e-01 1.00e+00f  1
   2 -5.8829605e-01 0.00e+00 6.30e-03   1.9 6.30e-03    -  1.00e+00 1.00e+00f  1
   3 -7.8046312e-01 0.00e+00 2.33e-04   1.2 5.33e+02    -  1.00e+00 1.00e+00f  1
   4 -8.5714246e-01 0.00e+00 6.31e-05  -0.2 4.00e+02    -  9.96e-01 1.00e+00f  1
   5 -9.2608873e-01 0.00e+00 6.16e-05  -1.8 6.17e+02    -  9.97e-01 1.00e+00f  1
   6 -9.6365890e-01 0.00e+00 3.06e-05  -3.2 5.79e+02    -  1.00e+00 1.00e+00f  1
   7 -9.8530408e-01 0.00e+00 1.88e-05  -4.7 5.38e+02    -  1.00e+00 1.00e+00f  1
   8 -9.9455699e-01 0.00e+00 9.67e-06  -6.2 5.61e+02    -  1.00e+00 1.00e+00f  1
   9 -9.9803158e-01 0.00e+00 4.48e-06  -7.5 5.03e+02    -  1.00e+00 1.00e+00f  1
iter    objective    inf_pr   inf_du lg(mu)  ||d||  lg(rg) alpha_du alpha_pr  ls
  10 -9.9925908e-01 0.00e+00 2.02e-06  -8.9 4.01e+02    -  1.00e+00 1.00e+00f  1
  11 -9.9970335e-01 0.00e+00 9.27e-07 -10.2 3.18e+02    -  1.00e+00 1.00e+00f  1
  12 -9.9987589e-01 0.00e+00 4.29e-07 -11.0 2.63e+02    -  1.00e+00 1.00e+00f  1
  13 -9.9994620e-01 0.00e+00 2.00e-07 -11.0 2.25e+02    -  1.00e+00 1.00e+00f  1
  14 -9.9997574e-01 0.00e+00 9.31e-08 -11.0 1.96e+02    -  1.00e+00 1.00e+00f  1
  15 -9.9998853e-01 0.00e+00 5.12e-08 -11.0 1.75e+02    -  1.00e+00 1.00e+00f  1
  16 -9.9999419e-01 0.00e+00 3.29e-08 -11.0 1.59e+02    -  1.00e+00 1.00e+00f  1
  17 -9.9999672e-01 0.00e+00 2.25e-08 -11.0 1.46e+02    -  1.00e+00 1.00e+00f  1
  18 -9.9999782e-01 0.00e+00 1.73e-08 -11.0 1.32e+02    -  1.00e+00 1.00e+00f  1
  19 -9.9999822e-01 0.00e+00 1.52e-08 -11.0 1.06e+02    -  1.00e+00 1.00e+00f  1
iter    objective    inf_pr   inf_du lg(mu)  ||d||  lg(rg) alpha_du alpha_pr  ls
  20 -9.9999831e-01 0.00e+00 1.48e-08 -11.0 5.83e+01    -  1.00e+00 1.00e+00f  1
  21 -9.9999835e-01 0.00e+00 1.47e-08 -11.0 1.76e+01    -  1.00e+00 1.00e+00f  1
  22 -9.9999852e-01 0.00e+00 1.34e-08 -11.0 5.14e+01    -  1.00e+00 1.00e+00f  1
  23 -9.9999881e-01 0.00e+00 1.10e-08 -11.0 5.78e+01    -  1.00e+00 1.00e+00f  1
  24 -9.9999925e-01 0.00e+00 7.22e-09 -11.0 6.62e+01    -  1.00e+00 1.00e+00f  1
  25 -9.9999970e-01 0.00e+00 3.33e-09 -11.0 8.94e+01    -  1.00e+00 1.00e+00f  1

Number of Iterations....: 25

                                   (scaled)                 (unscaled)
Objective...............:  -9.9999969793687282e-01   -9.9999969793687282e-01
Dual infeasibility......:   3.3306690014184044e-09    3.3306690014184044e-09
Constraint violation....:   0.0000000000000000e+00    0.0000000000000000e+00
Variable bound violation:   0.0000000000000000e+00    0.0000000000000000e+00
Complementarity.........:   9.9999995010829223e-12    9.9999995010829223e-12
Overall NLP error.......:   3.3306690014184044e-09    3.3306690014184044e-09


Number of objective function evaluations             = 26
Number of objective gradient evaluations             = 26
Number of equality constraint evaluations            = 0
Number of inequality constraint evaluations          = 26
Number of equality constraint Jacobian evaluations   = 0
Number of inequality constraint Jacobian evaluations = 26
Number of Lagrangian Hessian evaluations             = 0
Total seconds in IPOPT                               = 0.097

EXIT: Solved To Acceptable Level.
